// Jest Snapshot v1, https://goo.gl/fbAQLP

exports[`sfc-parser should parse sfc templates 1`] = `
Object {
  "customBlocks": Array [],
  "script": Object {
    "attrs": Object {
      "lang": "ts",
    },
    "content": "


export default {}
",
    "end": 93,
    "lang": "ts",
    "start": 66,
    "type": "script",
  },
  "styles": Array [
    Object {
      "attrs": Object {
        "lang": "scss",
      },
      "content": "




.test{display:block;}",
      "end": 147,
      "lang": "scss",
      "start": 126,
      "type": "style",
    },
  ],
  "template": Object {
    "attrs": Object {
      "lang": "pug",
    },
    "content": "<div/>",
    "end": 32,
    "lang": "pug",
    "start": 26,
    "type": "template",
  },
}
`;
